// Jest Snapshot v1, https://goo.gl/fbAQLP

exports[`@throttle() errors if applied to a class 1`] = `"\`@throttle\` may only be applied to class methods."`;

exports[`@throttle() errors if applied to a property 1`] = `"\`@throttle\` may only be applied to class methods."`;
